id,diag_code_01,diag_code_02,diag_code_03,diag_code_04,diag_code_05,diag_code_06,diag_code_07,diag_code_08,diag_code_09,diag_code_10,diag_code_11,diag_code_12,diag_code_13,diag_code_14,diag_code_15,diag_code_16,diag_code_17,diag_code_18,diag_code_19,diag_code_20,diag_code_21,diag_code_22,diag_code_23,diag_code_24,diag_code_25,hig_readm_denom,charlson_index,comorb_index_expected,cohort,gender,age,hig,calendar_year,prev_admit_index,fiscal_qtr,readm_odds,readm_prob
1,C04,C09.0,A100,I426,,,,,,,,,,,,,,,,,,,,,,1,4,2,gi,m,50,248,2014,3,1,0.736762272,0.424215959
2,A110,Z100,,,,,,,,,,,,,,,,,,,,,,,,1,0,0,gi,m,50,248,2014,3,1,0.412594504,0.292082762
3,K704,K711,g810,,,,,,,,,,,,,,,,,,,,,,,1,6,2,gi,f,50,248,2014,3,1,0.728046762,0.421311956
4,C04,C09.0,A100,C10,,,,,,,,,,,,,,,,,,,,,,1,2,1,gi,m,50,248,2014,3,1,0.610186885,0.378954077
5,A110,C090,C090,,,,,,,,,,,,,,,,,,,,,,,1,2,1,gi,m,50,248,2014,3,1,0.610186885,0.378954077
6,K704,I255,F00,J40,M05,B18,E102,G81,N18,C00,I982,C77,B24,,,,,,,,,,,,,1,24,2,gi,m,50,248,2014,3,1,0.736762272,0.424215959
7,C04,C09.0,A100,I426,,,,,,,,,,,,,,,,,,,,,,1,4,2,dm,m,50,437a,2014,3,1,0.725350712,0.420407693
8,A110,Z100,,,,,,,,,,,,,,,,,,,,,,,,1,0,0,dm,m,50,437a,2014,3,1,0.487093102,0.327547146
9,K704,K711,g810,,,,,,,,,,,,,,,,,,,,,,,1,6,2,dm,f,50,437a,2014,3,1,0.777167017,0.437306685
10,C04,C09.0,A100,C10,,,,,,,,,,,,,,,,,,,,,,1,2,1,dm,m,50,437a,2014,3,1,0.677802047,0.403982131
11,A110,C090,C090,,,,,,,,,,,,,,,,,,,,,,,1,2,1,dm,m,50,437a,2014,3,1,0.677802047,0.403982131
12,K704,I255,F00,J40,M05,B18,E102,G81,N18,C00,I982,C77,B24,,,,,,,,,,,,,1,24,2,dm,m,50,437a,2014,3,1,0.725350712,0.420407693
13,C04,C09.0,A100,I426,,,,,,,,,,,,,,,,,,,,,,1,4,2,cva,m,45,26,2014,0,1,0.108830898,0.098149229
14,A110,Z100,,,,,,,,,,,,,,,,,,,,,,,,1,0,0,cva,m,45,26,2014,0,1,0.059050634,0.055758084
15,K704,K711,g810,,,,,,,,,,,,,,,,,,,,,,,1,6,2,cva,f,45,26,2014,0,1,0.104187825,0.094356977
16,C04,C09.0,A100,C10,,,,,,,,,,,,,,,,,,,,,,1,2,1,cva,m,45,26,2014,0,1,0.069040637,0.064581864
17,A110,C090,C090,,,,,,,,,,,,,,,,,,,,,,,1,2,1,cva,m,45,26,2014,0,1,0.069040637,0.064581864
18,K704,I255,F00,J40,M05,B18,E102,G81,N18,C00,I982,C77,B24,,,,,,,,,,,,,1,24,2,cva,m,45,26,2014,0,1,0.108830898,0.098149229
19,A110,Z100,,,,,,,,,,,,,,,,,,,,,,,,1,0,0,cva,f,45,26,2014,0,1,0.056531346,0.053506549
20,K704,I255,F00,J40,M05,B18,E102,G81,N18,C00,I982,C77,B24,,,,,,,,,,,,,1,24,2,cva,m,60,26,2014,0,1,0.129088121,0.114329536
